#line 1 "<predefined>"









































































































































































































































































































































































#line 1 "t1.c"



IDENTITY




IDENTITY(IDENTITY(IDENTITY))


