#line 1 "<predefined>"









































































































































































































































































































































































#line 1 "t3.c"







1 2 3



