#line 1 "<predefined>"









































































































































































































































































































































































#line 1 "t4.c"




665544112233 1 2 3 6 5 4


